// Jest Snapshot v1, https://goo.gl/fbAQLP

exports[`isActiveが設定できる falseの場合 1`] = `
"Snapshot Diff:
- First value
+ Second value

@@ -7,11 +7,11 @@
      \\"activeColumn\\": 0,
      \\"activeRow\\": 0,
      \\"direction\\": \\"column\\",
      \\"mode\\": \\"proposal\\",
    },
-   \\"developerMode\\": true,
+   \\"developerMode\\": false,
    \\"estimator\\": Object {
      \\"id\\": null,
      \\"result\\": \\"\\",
    },
    \\"timer\\": Object {"
`;

exports[`isActiveが設定できる trueの場合 1`] = `
"Snapshot Diff:
Compared values have no visual difference."
`;
