// Jest Snapshot v1, https://goo.gl/fbAQLP

exports[`isActiveが設定できる falseの場合 1`] = `
"Snapshot Diff:
Compared values have no visual difference."
`;

exports[`isActiveが設定できる trueの場合 1`] = `
"Snapshot Diff:
- First value
+ Second value

@@ -4,11 +4,11 @@
      \\"scanSpeed\\": 0,
    },
    \\"cursol\\": Object {
      \\"activeColumn\\": 0,
    },
-   \\"developerMode\\": false,
+   \\"developerMode\\": true,
    \\"estimator\\": Object {
      \\"id\\": null,
      \\"result\\": \\"\\",
    },
    \\"timer\\": Object {"
`;
