// Jest Snapshot v1, https://goo.gl/fbAQLP

exports[`initialState 1`] = `
Object {
  "configWindow": Object {
    "isActive": false,
    "scanSpeed": 0,
  },
  "cursol": Object {
    "activeColumn": 0,
    "activeRow": 0,
    "direction": "column",
    "mode": "proposal",
  },
  "developerMode": Object {
    "estimator": false,
    "isActive": true,
  },
  "estimator": Object {
    "id": null,
    "result": "",
  },
  "timer": Object {
    "isActive": false,
    "scanSpeed": 500,
  },
}
`;
