// Jest Snapshot v1, https://goo.gl/fbAQLP

exports[`scanSpeedが設定できる 1`] = `
"Snapshot Diff:
- First value
+ Second value

@@ -13,8 +13,8 @@
    \\"estimator\\": Object {
      \\"id\\": null,
      \\"result\\": \\"\\",
    },
    \\"timer\\": Object {
-     \\"scanSpeed\\": 500,
+     \\"scanSpeed\\": 234,
    },
  }"
`;
